

==================================================================================
=== CALIBRE::DRC-H SUMMARY REPORT
===
Execution Date/Time:       Fri May 29 14:34:11 2026
Calibre Version:           v2024.3_16.10    Tue Jul 9 11:27:25 PDT 2024
Rule File Pathname:        _ant.drc_
Rule File Title:           
Layout System:             GDS
Layout Path(s):            chip_top.calibre.db
Layout Primary Cell:       chip_top
Current Directory:         /w/home.04/home/devlin11780/Desktop/ece209bs/Tapeout/conv_filter_chip/ee209-hammer-internal
User Name:                 devlin11780
Maximum Results/RuleCheck: 1000
Maximum Result Vertices:   4096
DRC Results Database:      chip_top.drc.results (ASCII)
Layout Depth:              ALL
Text Depth:                PRIMARY
Summary Report File:       chip_top.drc.summary (REPLACE)
Geometry Flagging:         ACUTE = YES  SKEW = YES  ANGLED = NO  OFFGRID = YES
                           NONSIMPLE POLYGON = YES  NONSIMPLE PATH = YES
Excluded Cells:           
CheckText Mapping:         ALL TEXT
Layers:                    MEMORY-BASED
Keep Empty Checks:         YES
----------------------------------------------------------------------------------
--- RUNTIME WARNINGS
---
Layer 16 contains unmapped objects and is the source layer of LAYER MAP == 16 DATATYPE == 2.
Layer 16 contains unmapped objects and is the source layer of LAYER MAP == 16 DATATYPE == 1.
Layer 18 contains unmapped objects and is the source layer of LAYER MAP == 18 DATATYPE == 2.
Layer 18 contains unmapped objects and is the source layer of LAYER MAP == 18 DATATYPE == 1.
Layer 28 contains unmapped objects and is the source layer of LAYER MAP == 28 DATATYPE == 2.
Layer 28 contains unmapped objects and is the source layer of LAYER MAP == 28 DATATYPE == 1.
Layer 31 contains unmapped objects and is the source layer of LAYER MAP == 31 DATATYPE == 2.
Layer 31 contains unmapped objects and is the source layer of LAYER MAP == 31 DATATYPE == 1.
Layer 33 contains unmapped objects and is the source layer of LAYER MAP == 33 DATATYPE == 2.
Layer 33 contains unmapped objects and is the source layer of LAYER MAP == 33 DATATYPE == 1.
Layer 38 contains unmapped objects and is the source layer of LAYER MAP == 38 DATATYPE == 2.
Layer 38 contains unmapped objects and is the source layer of LAYER MAP == 38 DATATYPE == 1.
ACUTE angle on layer M1i at location (84.215,126.475) in cell PCORNERA.
ACUTE angle on layer M2i at location (84.215,126.475) in cell PCORNERA.
Missing connections STAMPing layer TMP<95> by layer NP_PW_DIODE_ANODE_b2b_300_M1.
Missing connections STAMPing layer NP_PW_DIODE_CATHODE_b2b_301 by layer NP_PW_DIODE_ANODE_PWi_b2b_301.
Missing connections STAMPing layer TMP<95> by layer NP_PW_DIODE_CATHODE_b2b_300_M1.
Missing connections STAMPing layer NP_PW_DIODE_ANODE_b2b_301 by layer NP_PW_DIODE_CATHODE_PWi_b2b_301.
Missing connections STAMPing layer TMP<102> by layer PP_NW_DIODE_ANODE_b2b_300_M1.
Missing connections STAMPing layer PP_NW_DIODE_CATHODE_b2b_301 by layer PP_NW_DIODE_ANODE_NW_ULLNW_b2b_301.
Missing connections STAMPing layer TMP<102> by layer PP_NW_DIODE_CATHODE_b2b_300_M1.
Missing connections STAMPing layer PP_NW_DIODE_ANODE_b2b_301 by layer PP_NW_DIODE_CATHODE_NW_ULLNW_b2b_301.
Missing connections STAMPing layer TMP<110> by layer NP_PW_DIODE_ANODE_b2b_300_M2.
Missing connections STAMPing layer NP_PW_DIODE_CATHODE_b2b_302 by layer NP_PW_DIODE_ANODE_PWi_b2b_302.
Missing connections STAMPing layer TMP<110> by layer NP_PW_DIODE_CATHODE_b2b_300_M2.
Missing connections STAMPing layer NP_PW_DIODE_ANODE_b2b_302 by layer NP_PW_DIODE_CATHODE_PWi_b2b_302.
Missing connections STAMPing layer TMP<117> by layer PP_NW_DIODE_ANODE_b2b_300_M2.
Missing connections STAMPing layer PP_NW_DIODE_CATHODE_b2b_302 by layer PP_NW_DIODE_ANODE_NW_ULLNW_b2b_302.
Missing connections STAMPing layer TMP<117> by layer PP_NW_DIODE_CATHODE_b2b_300_M2.
Missing connections STAMPing layer PP_NW_DIODE_ANODE_b2b_302 by layer PP_NW_DIODE_CATHODE_NW_ULLNW_b2b_302.
Missing connections STAMPing layer TMP<125> by layer NP_PW_DIODE_ANODE_b2b_300_M3.
Missing connections STAMPing layer NP_PW_DIODE_CATHODE_b2b_303 by layer NP_PW_DIODE_ANODE_PWi_b2b_303.
Missing connections STAMPing layer TMP<125> by layer NP_PW_DIODE_CATHODE_b2b_300_M3.
Missing connections STAMPing layer NP_PW_DIODE_ANODE_b2b_303 by layer NP_PW_DIODE_CATHODE_PWi_b2b_303.
Missing connections STAMPing layer TMP<132> by layer PP_NW_DIODE_ANODE_b2b_300_M3.
Missing connections STAMPing layer PP_NW_DIODE_CATHODE_b2b_303 by layer PP_NW_DIODE_ANODE_NW_ULLNW_b2b_303.
Missing connections STAMPing layer TMP<132> by layer PP_NW_DIODE_CATHODE_b2b_300_M3.
Missing connections STAMPing layer PP_NW_DIODE_ANODE_b2b_303 by layer PP_NW_DIODE_CATHODE_NW_ULLNW_b2b_303.
Missing connections STAMPing layer TMP<140> by layer NP_PW_DIODE_ANODE_b2b_300_M4.
Missing connections STAMPing layer NP_PW_DIODE_CATHODE_b2b_304 by layer NP_PW_DIODE_ANODE_PWi_b2b_304.
Missing connections STAMPing layer TMP<140> by layer NP_PW_DIODE_CATHODE_b2b_300_M4.
Missing connections STAMPing layer NP_PW_DIODE_ANODE_b2b_304 by layer NP_PW_DIODE_CATHODE_PWi_b2b_304.
Missing connections STAMPing layer TMP<147> by layer PP_NW_DIODE_ANODE_b2b_300_M4.
Missing connections STAMPing layer PP_NW_DIODE_CATHODE_b2b_304 by layer PP_NW_DIODE_ANODE_NW_ULLNW_b2b_304.
Missing connections STAMPing layer TMP<147> by layer PP_NW_DIODE_CATHODE_b2b_300_M4.
Missing connections STAMPing layer PP_NW_DIODE_ANODE_b2b_304 by layer PP_NW_DIODE_CATHODE_NW_ULLNW_b2b_304.
Missing connections STAMPing layer TMP<155> by layer NP_PW_DIODE_ANODE_b2b_300_M5.
Missing connections STAMPing layer NP_PW_DIODE_CATHODE_b2b_305 by layer NP_PW_DIODE_ANODE_PWi_b2b_305.
Missing connections STAMPing layer TMP<155> by layer NP_PW_DIODE_CATHODE_b2b_300_M5.
Missing connections STAMPing layer NP_PW_DIODE_ANODE_b2b_305 by layer NP_PW_DIODE_CATHODE_PWi_b2b_305.
Missing connections STAMPing layer TMP<162> by layer PP_NW_DIODE_ANODE_b2b_300_M5.
Missing connections STAMPing layer PP_NW_DIODE_CATHODE_b2b_305 by layer PP_NW_DIODE_ANODE_NW_ULLNW_b2b_305.
Missing connections STAMPing layer TMP<162> by layer PP_NW_DIODE_CATHODE_b2b_300_M5.
Missing connections STAMPing layer PP_NW_DIODE_ANODE_b2b_305 by layer PP_NW_DIODE_CATHODE_NW_ULLNW_b2b_305.
Missing connections STAMPing layer TMP<170> by layer NP_PW_DIODE_ANODE_b2b_300_M6.
Missing connections STAMPing layer NP_PW_DIODE_CATHODE_b2b_306 by layer NP_PW_DIODE_ANODE_PWi_b2b_306.
Missing connections STAMPing layer TMP<170> by layer NP_PW_DIODE_CATHODE_b2b_300_M6.
Missing connections STAMPing layer NP_PW_DIODE_ANODE_b2b_306 by layer NP_PW_DIODE_CATHODE_PWi_b2b_306.
Missing connections STAMPing layer TMP<177> by layer PP_NW_DIODE_ANODE_b2b_300_M6.
Missing connections STAMPing layer PP_NW_DIODE_CATHODE_b2b_306 by layer PP_NW_DIODE_ANODE_NW_ULLNW_b2b_306.
Missing connections STAMPing layer TMP<177> by layer PP_NW_DIODE_CATHODE_b2b_300_M6.
Missing connections STAMPing layer PP_NW_DIODE_ANODE_b2b_306 by layer PP_NW_DIODE_CATHODE_NW_ULLNW_b2b_306.
----------------------------------------------------------------------------------
--- ORIGINAL LAYER STATISTICS
---
LAYER M1DMY ...... TOTAL Original Geometry Count = 0      (0)
LAYER M1SLOTi .... TOTAL Original Geometry Count = 0      (0)
LAYER M1i ........ TOTAL Original Geometry Count = 92558  (1301477)
LAYER M2DMY ...... TOTAL Original Geometry Count = 0      (0)
LAYER M2SLOTi .... TOTAL Original Geometry Count = 0      (0)
LAYER M2i ........ TOTAL Original Geometry Count = 268421 (1010721)
LAYER M3DMY ...... TOTAL Original Geometry Count = 0      (0)
LAYER M3SLOTi .... TOTAL Original Geometry Count = 0      (0)
LAYER M3i ........ TOTAL Original Geometry Count = 177076 (597031)
LAYER M4DMY ...... TOTAL Original Geometry Count = 0      (0)
LAYER M4SLOTi .... TOTAL Original Geometry Count = 0      (0)
LAYER M4i ........ TOTAL Original Geometry Count = 86067  (269806)
LAYER M5DMY ...... TOTAL Original Geometry Count = 0      (0)
LAYER M5SLOTi .... TOTAL Original Geometry Count = 0      (0)
LAYER M5i ........ TOTAL Original Geometry Count = 60519  (72301)
LAYER M6DMY ...... TOTAL Original Geometry Count = 0      (0)
LAYER M6SLOTi .... TOTAL Original Geometry Count = 0      (0)
LAYER M6i ........ TOTAL Original Geometry Count = 12720  (20503)
LAYER MDDMY ...... TOTAL Original Geometry Count = 0      (0)
LAYER MDSLOTi .... TOTAL Original Geometry Count = 0      (0)
LAYER MDi ........ TOTAL Original Geometry Count = 0      (0)
LAYER CMM5i ...... TOTAL Original Geometry Count = 0      (0)
LAYER CTM5i ...... TOTAL Original Geometry Count = 0      (0)
LAYER VIA5i ...... TOTAL Original Geometry Count = 15292  (37895)
LAYER POLYi ...... TOTAL Original Geometry Count = 877    (108268)
LAYER ODi ........ TOTAL Original Geometry Count = 9657   (722845)
LAYER VIA1i ...... TOTAL Original Geometry Count = 77732  (492000)
LAYER VIA2i ...... TOTAL Original Geometry Count = 72250  (406277)
LAYER VIA3i ...... TOTAL Original Geometry Count = 59572  (367707)
LAYER VIA4i ...... TOTAL Original Geometry Count = 28604  (55766)
LAYER ULLNWi ..... TOTAL Original Geometry Count = 0      (0)
LAYER NWi ........ TOTAL Original Geometry Count = 104    (32843)
LAYER NPi ........ TOTAL Original Geometry Count = 113    (37408)
LAYER PPi ........ TOTAL Original Geometry Count = 151    (47412)
LAYER DNWi ....... TOTAL Original Geometry Count = 0      (0)
LAYER PPIi ....... TOTAL Original Geometry Count = 0      (0)
LAYER UBMi ....... TOTAL Original Geometry Count = 0      (0)
LAYER OD2i ....... TOTAL Original Geometry Count = 2      (6)
LAYER COi ........ TOTAL Original Geometry Count = 11227  (1045017)
LAYER M0i ........ TOTAL Original Geometry Count = 0      (0)
LAYER SICR_V1i ... TOTAL Original Geometry Count = 0      (0)
LAYER MSIi ....... TOTAL Original Geometry Count = 0      (0)
LAYER CBi ........ TOTAL Original Geometry Count = 3      (3756)
LAYER CBDi ....... TOTAL Original Geometry Count = 0      (0)
LAYER VIADi ...... TOTAL Original Geometry Count = 0      (0)
LAYER CTM2i ...... TOTAL Original Geometry Count = 0      (0)
LAYER CTM3i ...... TOTAL Original Geometry Count = 0      (0)
LAYER CTM4i ...... TOTAL Original Geometry Count = 0      (0)
LAYER CMM2i ...... TOTAL Original Geometry Count = 0      (0)
LAYER CMM3i ...... TOTAL Original Geometry Count = 0      (0)
LAYER CMM4i ...... TOTAL Original Geometry Count = 0      (0)
LAYER RPDUMMY .... TOTAL Original Geometry Count = 2      (6)
LAYER RPOi ....... TOTAL Original Geometry Count = 4      (3730)
LAYER RLPPDMY .... TOTAL Original Geometry Count = 0      (0)
LAYER RWDMY ...... TOTAL Original Geometry Count = 0      (0)
----------------------------------------------------------------------------------
--- RULECHECK RESULTS STATISTICS
---
RULECHECK A.R.1.POLY ..................... TOTAL Result Count = 0 (0)
RULECHECK A.R.4.CO ....................... TOTAL Result Count = 0 (0)
RULECHECK A.R.2_A.R.3.M1 ................. TOTAL Result Count = 0 (0)
RULECHECK A.R.5_A.R.6.VIA1i .............. TOTAL Result Count = 0 (0)
RULECHECK A.R.2_A.R.3.M2 ................. TOTAL Result Count = 0 (0)
RULECHECK A.R.5_A.R.6.VIA2i .............. TOTAL Result Count = 0 (0)
RULECHECK A.R.2_A.R.3.M3 ................. TOTAL Result Count = 0 (0)
RULECHECK A.R.5_A.R.6.VIA3i .............. TOTAL Result Count = 0 (0)
RULECHECK A.R.2_A.R.3.M4 ................. TOTAL Result Count = 0 (0)
RULECHECK A.R.5_A.R.6.VIA4i .............. TOTAL Result Count = 0 (0)
RULECHECK A.R.2_A.R.3.M5 ................. TOTAL Result Count = 0 (0)
RULECHECK A.R.MIM.5.M5_CBM ............... TOTAL Result Count = 0 (0)
RULECHECK A.R.MIM.6.M5_CBM ............... TOTAL Result Count = 0 (0)
RULECHECK A.R.5_A.R.6.VIAt ............... TOTAL Result Count = 0 (0)
RULECHECK A.R.3DMIM.R.1_CBM .............. TOTAL Result Count = 0 (0)
RULECHECK A.R.2_A.R.3.M6 ................. TOTAL Result Count = 0 (0)
RULECHECK A.R.MIM.1.M6.CBM ............... TOTAL Result Count = 0 (0)
RULECHECK A.R.MIM.1.M6.CTM ............... TOTAL Result Count = 0 (0)
RULECHECK A.R.MIM.2.M6.CTM.A ............. TOTAL Result Count = 0 (0)
RULECHECK A.R.MIM.2.M6.CTM.B ............. TOTAL Result Count = 0 (0)
RULECHECK A.R.MIM.2.M6.CBM ............... TOTAL Result Count = 0 (0)
RULECHECK A.R.MIM.3.M6.CTM ............... TOTAL Result Count = 0 (0)
RULECHECK A.R.MIM.3.M6.CBM.A ............. TOTAL Result Count = 0 (0)
RULECHECK A.R.MIM.3.M6.CBM.B ............. TOTAL Result Count = 0 (0)
RULECHECK A.R.MIM.4.M6.CTM.A ............. TOTAL Result Count = 0 (0)
RULECHECK A.R.MIM.4.M6.CTM.B ............. TOTAL Result Count = 0 (0)
RULECHECK A.R.MIM.4.M6.CBM.A ............. TOTAL Result Count = 0 (0)
RULECHECK A.R.MIM.4.M6.CBM.B ............. TOTAL Result Count = 0 (0)
RULECHECK A.R.MIM.5.M6_CTM ............... TOTAL Result Count = 0 (0)
RULECHECK A.R.MIM.5.M6_CBM ............... TOTAL Result Count = 0 (0)
RULECHECK A.R.MIM.6.M6_CTM ............... TOTAL Result Count = 0 (0)
RULECHECK A.R.MIM.6.M6_CBM ............... TOTAL Result Count = 0 (0)
RULECHECK A.R.3DMIM.CTM.1 ................ TOTAL Result Count = 0 (0)
RULECHECK A.R.3DMIM.CMM.1 ................ TOTAL Result Count = 0 (0)
RULECHECK A.R.3DMIM.CMM.2 ................ TOTAL Result Count = 0 (0)
RULECHECK A.R.3DMIM.CBM.1 ................ TOTAL Result Count = 0 (0)
RULECHECK A.R.3DMIM.CTM.2 ................ TOTAL Result Count = 0 (0)
RULECHECK A.R.3DMIM.CMM.3 ................ TOTAL Result Count = 0 (0)
RULECHECK A.R.3DMIM.CMM.4 ................ TOTAL Result Count = 0 (0)
RULECHECK A.R.3DMIM.CBM.2 ................ TOTAL Result Count = 0 (0)
RULECHECK A.R.3DMIM.R.1_A_CTM ............ TOTAL Result Count = 0 (0)
RULECHECK A.R.3DMIM.R.1_B_CTM ............ TOTAL Result Count = 0 (0)
RULECHECK A.R.3DMIM.R.1_C_CTM ............ TOTAL Result Count = 0 (0)
RULECHECK A.R.3DMIM.R.1_A_CMM ............ TOTAL Result Count = 0 (0)
RULECHECK A.R.3DMIM.R.1_B_CMM ............ TOTAL Result Count = 0 (0)
RULECHECK A.R.3DMIM.R.1_C_CMM ............ TOTAL Result Count = 0 (0)
RULECHECK DNW.R.7 ........................ TOTAL Result Count = 0 (0)
RULECHECK DNW.R.7.1:M1 ................... TOTAL Result Count = 0 (0)
RULECHECK DNW.R.7.1:M2 ................... TOTAL Result Count = 0 (0)
RULECHECK DNW.R.7.1:M3 ................... TOTAL Result Count = 0 (0)
RULECHECK DNW.R.7.1:M4 ................... TOTAL Result Count = 0 (0)
RULECHECK DNW.R.7.1:M5 ................... TOTAL Result Count = 0 (0)
RULECHECK DNW.R.7.1:M6 ................... TOTAL Result Count = 0 (0)
RULECHECK DNW.R.7.1:MD ................... TOTAL Result Count = 0 (0)
RULECHECK DNW.R.7.2:M1 ................... TOTAL Result Count = 0 (0)
RULECHECK DNW.R.7.2:M2 ................... TOTAL Result Count = 0 (0)
RULECHECK DNW.R.7.2:M3 ................... TOTAL Result Count = 0 (0)
RULECHECK DNW.R.7.2:M4 ................... TOTAL Result Count = 0 (0)
RULECHECK DNW.R.7.2:M5 ................... TOTAL Result Count = 0 (0)
RULECHECK DNW.R.7.2:M6 ................... TOTAL Result Count = 0 (0)
RULECHECK DNW.R.7.2:MD ................... TOTAL Result Count = 0 (0)
RULECHECK DNW.R.20.3.1_VIA1_1 ............ TOTAL Result Count = 0 (0)
RULECHECK DNW.R.20.3.1_VIA1_2 ............ TOTAL Result Count = 0 (0)
RULECHECK DNW.R.20.3.2_VIA1_1 ............ TOTAL Result Count = 0 (0)
RULECHECK DNW.R.20.3.2_VIA1_2 ............ TOTAL Result Count = 0 (0)
RULECHECK DNW.R.20.3.3_VIA1_1 ............ TOTAL Result Count = 0 (0)
RULECHECK DNW.R.20.3.3_VIA1_2 ............ TOTAL Result Count = 0 (0)
RULECHECK DNW.R.20.3.4_VIA1_1 ............ TOTAL Result Count = 0 (0)
RULECHECK DNW.R.20.3.4_VIA1_2 ............ TOTAL Result Count = 0 (0)
RULECHECK DNW.R.20.3.5_VIA1_1 ............ TOTAL Result Count = 0 (0)
RULECHECK DNW.R.20.3.5_VIA1_2 ............ TOTAL Result Count = 0 (0)
RULECHECK DNW.R.20.6.1_VIA1_1 ............ TOTAL Result Count = 0 (0)
RULECHECK DNW.R.20.6.1_VIA1_2 ............ TOTAL Result Count = 0 (0)
RULECHECK DNW.R.20.6.2_VIA1_1 ............ TOTAL Result Count = 0 (0)
RULECHECK DNW.R.20.6.2_VIA1_2 ............ TOTAL Result Count = 0 (0)
RULECHECK DNW.R.20.6.3_VIA1_1 ............ TOTAL Result Count = 0 (0)
RULECHECK DNW.R.20.6.3_VIA1_2 ............ TOTAL Result Count = 0 (0)
RULECHECK DNW.R.20.1.1:NGATE_OD2_M1_1 .... TOTAL Result Count = 0 (0)
RULECHECK DNW.R.20.1.2:NGATE_OD2_M1_1 .... TOTAL Result Count = 0 (0)
RULECHECK DNW.R.20.1.3:NGATE_OD2_M1_1 .... TOTAL Result Count = 0 (0)
RULECHECK DNW.R.20.1.4:NGATE_OD2_M1_1 .... TOTAL Result Count = 0 (0)
RULECHECK DNW.R.20.1.5:NGATE_OD2_M1_1 .... TOTAL Result Count = 0 (0)
RULECHECK DNW.R.20.1.1:NGATE_OD2_M1_2 .... TOTAL Result Count = 0 (0)
RULECHECK DNW.R.20.1.2:NGATE_OD2_M1_2 .... TOTAL Result Count = 0 (0)
RULECHECK DNW.R.20.1.3:NGATE_OD2_M1_2 .... TOTAL Result Count = 0 (0)
RULECHECK DNW.R.20.1.4:NGATE_OD2_M1_2 .... TOTAL Result Count = 0 (0)
RULECHECK DNW.R.20.1.5:NGATE_OD2_M1_2 .... TOTAL Result Count = 0 (0)
RULECHECK DNW.R.20.5.1:NGATE_OD2_M1_1 .... TOTAL Result Count = 0 (0)
RULECHECK DNW.R.20.5.2:NGATE_OD2_M1_1 .... TOTAL Result Count = 0 (0)
RULECHECK DNW.R.20.5.3:NGATE_OD2_M1_1 .... TOTAL Result Count = 0 (0)
RULECHECK DNW.R.20.5.1:NGATE_OD2_M1_2 .... TOTAL Result Count = 0 (0)
RULECHECK DNW.R.20.5.2:NGATE_OD2_M1_2 .... TOTAL Result Count = 0 (0)
RULECHECK DNW.R.20.5.3:NGATE_OD2_M1_2 .... TOTAL Result Count = 0 (0)
RULECHECK DNW.R.20.4.1_VIA1_1 ............ TOTAL Result Count = 0 (0)
RULECHECK DNW.R.20.4.1_VIA1_2 ............ TOTAL Result Count = 0 (0)
RULECHECK DNW.R.20.4.2_VIA1_1 ............ TOTAL Result Count = 0 (0)
RULECHECK DNW.R.20.4.2_VIA1_2 ............ TOTAL Result Count = 0 (0)
RULECHECK DNW.R.20.4.3_VIA1_1 ............ TOTAL Result Count = 0 (0)
RULECHECK DNW.R.20.4.3_VIA1_2 ............ TOTAL Result Count = 0 (0)
RULECHECK DNW.R.20.2.1:NGATE_Core_M1_1 ... TOTAL Result Count = 0 (0)
RULECHECK DNW.R.20.2.2:NGATE_Core_M1_1 ... TOTAL Result Count = 0 (0)
RULECHECK DNW.R.20.2.3:NGATE_Core_M1_1 ... TOTAL Result Count = 0 (0)
RULECHECK DNW.R.20.2.1:NGATE_Core_M1_2 ... TOTAL Result Count = 0 (0)
RULECHECK DNW.R.20.2.2:NGATE_Core_M1_2 ... TOTAL Result Count = 0 (0)
RULECHECK DNW.R.20.2.3:NGATE_Core_M1_2 ... TOTAL Result Count = 0 (0)
RULECHECK DNW.R.20.3.1_VIA2_1 ............ TOTAL Result Count = 0 (0)
RULECHECK DNW.R.20.3.1_VIA2_2 ............ TOTAL Result Count = 0 (0)
RULECHECK DNW.R.20.3.2_VIA2_1 ............ TOTAL Result Count = 0 (0)
RULECHECK DNW.R.20.3.2_VIA2_2 ............ TOTAL Result Count = 0 (0)
RULECHECK DNW.R.20.3.3_VIA2_1 ............ TOTAL Result Count = 0 (0)
RULECHECK DNW.R.20.3.3_VIA2_2 ............ TOTAL Result Count = 0 (0)
RULECHECK DNW.R.20.3.4_VIA2_1 ............ TOTAL Result Count = 0 (0)
RULECHECK DNW.R.20.3.4_VIA2_2 ............ TOTAL Result Count = 0 (0)
RULECHECK DNW.R.20.3.5_VIA2_1 ............ TOTAL Result Count = 0 (0)
RULECHECK DNW.R.20.3.5_VIA2_2 ............ TOTAL Result Count = 0 (0)
RULECHECK DNW.R.20.6.1_VIA2_1 ............ TOTAL Result Count = 0 (0)
RULECHECK DNW.R.20.6.1_VIA2_2 ............ TOTAL Result Count = 0 (0)
RULECHECK DNW.R.20.6.2_VIA2_1 ............ TOTAL Result Count = 0 (0)
RULECHECK DNW.R.20.6.2_VIA2_2 ............ TOTAL Result Count = 0 (0)
RULECHECK DNW.R.20.6.3_VIA2_1 ............ TOTAL Result Count = 0 (0)
RULECHECK DNW.R.20.6.3_VIA2_2 ............ TOTAL Result Count = 0 (0)
RULECHECK DNW.R.20.1.1:NGATE_OD2_M2_1 .... TOTAL Result Count = 0 (0)
RULECHECK DNW.R.20.1.2:NGATE_OD2_M2_1 .... TOTAL Result Count = 0 (0)
RULECHECK DNW.R.20.1.3:NGATE_OD2_M2_1 .... TOTAL Result Count = 0 (0)
RULECHECK DNW.R.20.1.4:NGATE_OD2_M2_1 .... TOTAL Result Count = 0 (0)
RULECHECK DNW.R.20.1.5:NGATE_OD2_M2_1 .... TOTAL Result Count = 0 (0)
RULECHECK DNW.R.20.1.1:NGATE_OD2_M2_2 .... TOTAL Result Count = 0 (0)
RULECHECK DNW.R.20.1.2:NGATE_OD2_M2_2 .... TOTAL Result Count = 0 (0)
RULECHECK DNW.R.20.1.3:NGATE_OD2_M2_2 .... TOTAL Result Count = 0 (0)
RULECHECK DNW.R.20.1.4:NGATE_OD2_M2_2 .... TOTAL Result Count = 0 (0)
RULECHECK DNW.R.20.1.5:NGATE_OD2_M2_2 .... TOTAL Result Count = 0 (0)
RULECHECK DNW.R.20.5.1:NGATE_OD2_M2_1 .... TOTAL Result Count = 0 (0)
RULECHECK DNW.R.20.5.2:NGATE_OD2_M2_1 .... TOTAL Result Count = 0 (0)
RULECHECK DNW.R.20.5.3:NGATE_OD2_M2_1 .... TOTAL Result Count = 0 (0)
RULECHECK DNW.R.20.5.1:NGATE_OD2_M2_2 .... TOTAL Result Count = 0 (0)
RULECHECK DNW.R.20.5.2:NGATE_OD2_M2_2 .... TOTAL Result Count = 0 (0)
RULECHECK DNW.R.20.5.3:NGATE_OD2_M2_2 .... TOTAL Result Count = 0 (0)
RULECHECK DNW.R.20.4.1_VIA2_1 ............ TOTAL Result Count = 0 (0)
RULECHECK DNW.R.20.4.1_VIA2_2 ............ TOTAL Result Count = 0 (0)
RULECHECK DNW.R.20.4.2_VIA2_1 ............ TOTAL Result Count = 0 (0)
RULECHECK DNW.R.20.4.2_VIA2_2 ............ TOTAL Result Count = 0 (0)
RULECHECK DNW.R.20.4.3_VIA2_1 ............ TOTAL Result Count = 0 (0)
RULECHECK DNW.R.20.4.3_VIA2_2 ............ TOTAL Result Count = 0 (0)
RULECHECK DNW.R.20.2.1:NGATE_Core_M2_1 ... TOTAL Result Count = 0 (0)
RULECHECK DNW.R.20.2.2:NGATE_Core_M2_1 ... TOTAL Result Count = 0 (0)
RULECHECK DNW.R.20.2.3:NGATE_Core_M2_1 ... TOTAL Result Count = 0 (0)
RULECHECK DNW.R.20.2.1:NGATE_Core_M2_2 ... TOTAL Result Count = 0 (0)
RULECHECK DNW.R.20.2.2:NGATE_Core_M2_2 ... TOTAL Result Count = 0 (0)
RULECHECK DNW.R.20.2.3:NGATE_Core_M2_2 ... TOTAL Result Count = 0 (0)
RULECHECK DNW.R.20.3.1_VIA3_1 ............ TOTAL Result Count = 0 (0)
RULECHECK DNW.R.20.3.1_VIA3_2 ............ TOTAL Result Count = 0 (0)
RULECHECK DNW.R.20.3.2_VIA3_1 ............ TOTAL Result Count = 0 (0)
RULECHECK DNW.R.20.3.2_VIA3_2 ............ TOTAL Result Count = 0 (0)
RULECHECK DNW.R.20.3.3_VIA3_1 ............ TOTAL Result Count = 0 (0)
RULECHECK DNW.R.20.3.3_VIA3_2 ............ TOTAL Result Count = 0 (0)
RULECHECK DNW.R.20.3.4_VIA3_1 ............ TOTAL Result Count = 0 (0)
RULECHECK DNW.R.20.3.4_VIA3_2 ............ TOTAL Result Count = 0 (0)
RULECHECK DNW.R.20.3.5_VIA3_1 ............ TOTAL Result Count = 0 (0)
RULECHECK DNW.R.20.3.5_VIA3_2 ............ TOTAL Result Count = 0 (0)
RULECHECK DNW.R.20.6.1_VIA3_1 ............ TOTAL Result Count = 0 (0)
RULECHECK DNW.R.20.6.1_VIA3_2 ............ TOTAL Result Count = 0 (0)
RULECHECK DNW.R.20.6.2_VIA3_1 ............ TOTAL Result Count = 0 (0)
RULECHECK DNW.R.20.6.2_VIA3_2 ............ TOTAL Result Count = 0 (0)
RULECHECK DNW.R.20.6.3_VIA3_1 ............ TOTAL Result Count = 0 (0)
RULECHECK DNW.R.20.6.3_VIA3_2 ............ TOTAL Result Count = 0 (0)
RULECHECK DNW.R.20.1.1:NGATE_OD2_M3_1 .... TOTAL Result Count = 0 (0)
RULECHECK DNW.R.20.1.2:NGATE_OD2_M3_1 .... TOTAL Result Count = 0 (0)
RULECHECK DNW.R.20.1.3:NGATE_OD2_M3_1 .... TOTAL Result Count = 0 (0)
RULECHECK DNW.R.20.1.4:NGATE_OD2_M3_1 .... TOTAL Result Count = 0 (0)
RULECHECK DNW.R.20.1.5:NGATE_OD2_M3_1 .... TOTAL Result Count = 0 (0)
RULECHECK DNW.R.20.1.1:NGATE_OD2_M3_2 .... TOTAL Result Count = 0 (0)
RULECHECK DNW.R.20.1.2:NGATE_OD2_M3_2 .... TOTAL Result Count = 0 (0)
RULECHECK DNW.R.20.1.3:NGATE_OD2_M3_2 .... TOTAL Result Count = 0 (0)
RULECHECK DNW.R.20.1.4:NGATE_OD2_M3_2 .... TOTAL Result Count = 0 (0)
RULECHECK DNW.R.20.1.5:NGATE_OD2_M3_2 .... TOTAL Result Count = 0 (0)
RULECHECK DNW.R.20.5.1:NGATE_OD2_M3_1 .... TOTAL Result Count = 0 (0)
RULECHECK DNW.R.20.5.2:NGATE_OD2_M3_1 .... TOTAL Result Count = 0 (0)
RULECHECK DNW.R.20.5.3:NGATE_OD2_M3_1 .... TOTAL Result Count = 0 (0)
RULECHECK DNW.R.20.5.1:NGATE_OD2_M3_2 .... TOTAL Result Count = 0 (0)
RULECHECK DNW.R.20.5.2:NGATE_OD2_M3_2 .... TOTAL Result Count = 0 (0)
RULECHECK DNW.R.20.5.3:NGATE_OD2_M3_2 .... TOTAL Result Count = 0 (0)
RULECHECK DNW.R.20.4.1_VIA3_1 ............ TOTAL Result Count = 0 (0)
RULECHECK DNW.R.20.4.1_VIA3_2 ............ TOTAL Result Count = 0 (0)
RULECHECK DNW.R.20.4.2_VIA3_1 ............ TOTAL Result Count = 0 (0)
RULECHECK DNW.R.20.4.2_VIA3_2 ............ TOTAL Result Count = 0 (0)
RULECHECK DNW.R.20.4.3_VIA3_1 ............ TOTAL Result Count = 0 (0)
RULECHECK DNW.R.20.4.3_VIA3_2 ............ TOTAL Result Count = 0 (0)
RULECHECK DNW.R.20.2.1:NGATE_Core_M3_1 ... TOTAL Result Count = 0 (0)
RULECHECK DNW.R.20.2.2:NGATE_Core_M3_1 ... TOTAL Result Count = 0 (0)
RULECHECK DNW.R.20.2.3:NGATE_Core_M3_1 ... TOTAL Result Count = 0 (0)
RULECHECK DNW.R.20.2.1:NGATE_Core_M3_2 ... TOTAL Result Count = 0 (0)
RULECHECK DNW.R.20.2.2:NGATE_Core_M3_2 ... TOTAL Result Count = 0 (0)
RULECHECK DNW.R.20.2.3:NGATE_Core_M3_2 ... TOTAL Result Count = 0 (0)
RULECHECK DNW.R.20.3.1_VIA4_1 ............ TOTAL Result Count = 0 (0)
RULECHECK DNW.R.20.3.1_VIA4_2 ............ TOTAL Result Count = 0 (0)
RULECHECK DNW.R.20.3.2_VIA4_1 ............ TOTAL Result Count = 0 (0)
RULECHECK DNW.R.20.3.2_VIA4_2 ............ TOTAL Result Count = 0 (0)
RULECHECK DNW.R.20.3.3_VIA4_1 ............ TOTAL Result Count = 0 (0)
RULECHECK DNW.R.20.3.3_VIA4_2 ............ TOTAL Result Count = 0 (0)
RULECHECK DNW.R.20.3.4_VIA4_1 ............ TOTAL Result Count = 0 (0)
RULECHECK DNW.R.20.3.4_VIA4_2 ............ TOTAL Result Count = 0 (0)
RULECHECK DNW.R.20.3.5_VIA4_1 ............ TOTAL Result Count = 0 (0)
RULECHECK DNW.R.20.3.5_VIA4_2 ............ TOTAL Result Count = 0 (0)
RULECHECK DNW.R.20.6.1_VIA4_1 ............ TOTAL Result Count = 0 (0)
RULECHECK DNW.R.20.6.1_VIA4_2 ............ TOTAL Result Count = 0 (0)
RULECHECK DNW.R.20.6.2_VIA4_1 ............ TOTAL Result Count = 0 (0)
RULECHECK DNW.R.20.6.2_VIA4_2 ............ TOTAL Result Count = 0 (0)
RULECHECK DNW.R.20.6.3_VIA4_1 ............ TOTAL Result Count = 0 (0)
RULECHECK DNW.R.20.6.3_VIA4_2 ............ TOTAL Result Count = 0 (0)
RULECHECK DNW.R.20.1.1:NGATE_OD2_M4_1 .... TOTAL Result Count = 0 (0)
RULECHECK DNW.R.20.1.2:NGATE_OD2_M4_1 .... TOTAL Result Count = 0 (0)
RULECHECK DNW.R.20.1.3:NGATE_OD2_M4_1 .... TOTAL Result Count = 0 (0)
RULECHECK DNW.R.20.1.4:NGATE_OD2_M4_1 .... TOTAL Result Count = 0 (0)
RULECHECK DNW.R.20.1.5:NGATE_OD2_M4_1 .... TOTAL Result Count = 0 (0)
RULECHECK DNW.R.20.1.1:NGATE_OD2_M4_2 .... TOTAL Result Count = 0 (0)
RULECHECK DNW.R.20.1.2:NGATE_OD2_M4_2 .... TOTAL Result Count = 0 (0)
RULECHECK DNW.R.20.1.3:NGATE_OD2_M4_2 .... TOTAL Result Count = 0 (0)
RULECHECK DNW.R.20.1.4:NGATE_OD2_M4_2 .... TOTAL Result Count = 0 (0)
RULECHECK DNW.R.20.1.5:NGATE_OD2_M4_2 .... TOTAL Result Count = 0 (0)
RULECHECK DNW.R.20.5.1:NGATE_OD2_M4_1 .... TOTAL Result Count = 0 (0)
RULECHECK DNW.R.20.5.2:NGATE_OD2_M4_1 .... TOTAL Result Count = 0 (0)
RULECHECK DNW.R.20.5.3:NGATE_OD2_M4_1 .... TOTAL Result Count = 0 (0)
RULECHECK DNW.R.20.5.1:NGATE_OD2_M4_2 .... TOTAL Result Count = 0 (0)
RULECHECK DNW.R.20.5.2:NGATE_OD2_M4_2 .... TOTAL Result Count = 0 (0)
RULECHECK DNW.R.20.5.3:NGATE_OD2_M4_2 .... TOTAL Result Count = 0 (0)
RULECHECK DNW.R.20.4.1_VIA4_1 ............ TOTAL Result Count = 0 (0)
RULECHECK DNW.R.20.4.1_VIA4_2 ............ TOTAL Result Count = 0 (0)
RULECHECK DNW.R.20.4.2_VIA4_1 ............ TOTAL Result Count = 0 (0)
RULECHECK DNW.R.20.4.2_VIA4_2 ............ TOTAL Result Count = 0 (0)
RULECHECK DNW.R.20.4.3_VIA4_1 ............ TOTAL Result Count = 0 (0)
RULECHECK DNW.R.20.4.3_VIA4_2 ............ TOTAL Result Count = 0 (0)
RULECHECK DNW.R.20.2.1:NGATE_Core_M4_1 ... TOTAL Result Count = 0 (0)
RULECHECK DNW.R.20.2.2:NGATE_Core_M4_1 ... TOTAL Result Count = 0 (0)
RULECHECK DNW.R.20.2.3:NGATE_Core_M4_1 ... TOTAL Result Count = 0 (0)
RULECHECK DNW.R.20.2.1:NGATE_Core_M4_2 ... TOTAL Result Count = 0 (0)
RULECHECK DNW.R.20.2.2:NGATE_Core_M4_2 ... TOTAL Result Count = 0 (0)
RULECHECK DNW.R.20.2.3:NGATE_Core_M4_2 ... TOTAL Result Count = 0 (0)
RULECHECK DNW.R.20.3.1_VIA5_1 ............ TOTAL Result Count = 0 (0)
RULECHECK DNW.R.20.3.1_VIA5_2 ............ TOTAL Result Count = 0 (0)
RULECHECK DNW.R.20.3.2_VIA5_1 ............ TOTAL Result Count = 0 (0)
RULECHECK DNW.R.20.3.2_VIA5_2 ............ TOTAL Result Count = 0 (0)
RULECHECK DNW.R.20.3.3_VIA5_1 ............ TOTAL Result Count = 0 (0)
RULECHECK DNW.R.20.3.3_VIA5_2 ............ TOTAL Result Count = 0 (0)
RULECHECK DNW.R.20.3.4_VIA5_1 ............ TOTAL Result Count = 0 (0)
RULECHECK DNW.R.20.3.4_VIA5_2 ............ TOTAL Result Count = 0 (0)
RULECHECK DNW.R.20.3.5_VIA5_1 ............ TOTAL Result Count = 0 (0)
RULECHECK DNW.R.20.3.5_VIA5_2 ............ TOTAL Result Count = 0 (0)
RULECHECK DNW.R.20.6.1_VIA5_1 ............ TOTAL Result Count = 0 (0)
RULECHECK DNW.R.20.6.1_VIA5_2 ............ TOTAL Result Count = 0 (0)
RULECHECK DNW.R.20.6.2_VIA5_1 ............ TOTAL Result Count = 0 (0)
RULECHECK DNW.R.20.6.2_VIA5_2 ............ TOTAL Result Count = 0 (0)
RULECHECK DNW.R.20.6.3_VIA5_1 ............ TOTAL Result Count = 0 (0)
RULECHECK DNW.R.20.6.3_VIA5_2 ............ TOTAL Result Count = 0 (0)
RULECHECK DNW.R.20.1.1:NGATE_OD2_M5_1 .... TOTAL Result Count = 0 (0)
RULECHECK DNW.R.20.1.2:NGATE_OD2_M5_1 .... TOTAL Result Count = 0 (0)
RULECHECK DNW.R.20.1.3:NGATE_OD2_M5_1 .... TOTAL Result Count = 0 (0)
RULECHECK DNW.R.20.1.4:NGATE_OD2_M5_1 .... TOTAL Result Count = 0 (0)
RULECHECK DNW.R.20.1.5:NGATE_OD2_M5_1 .... TOTAL Result Count = 0 (0)
RULECHECK DNW.R.20.1.1:NGATE_OD2_M5_2 .... TOTAL Result Count = 0 (0)
RULECHECK DNW.R.20.1.2:NGATE_OD2_M5_2 .... TOTAL Result Count = 0 (0)
RULECHECK DNW.R.20.1.3:NGATE_OD2_M5_2 .... TOTAL Result Count = 0 (0)
RULECHECK DNW.R.20.1.4:NGATE_OD2_M5_2 .... TOTAL Result Count = 0 (0)
RULECHECK DNW.R.20.1.5:NGATE_OD2_M5_2 .... TOTAL Result Count = 0 (0)
RULECHECK DNW.R.20.5.1:NGATE_OD2_M5_1 .... TOTAL Result Count = 0 (0)
RULECHECK DNW.R.20.5.2:NGATE_OD2_M5_1 .... TOTAL Result Count = 0 (0)
RULECHECK DNW.R.20.5.3:NGATE_OD2_M5_1 .... TOTAL Result Count = 0 (0)
RULECHECK DNW.R.20.5.1:NGATE_OD2_M5_2 .... TOTAL Result Count = 0 (0)
RULECHECK DNW.R.20.5.2:NGATE_OD2_M5_2 .... TOTAL Result Count = 0 (0)
RULECHECK DNW.R.20.5.3:NGATE_OD2_M5_2 .... TOTAL Result Count = 0 (0)
RULECHECK DNW.R.20.4.1_VIA5_1 ............ TOTAL Result Count = 0 (0)
RULECHECK DNW.R.20.4.1_VIA5_2 ............ TOTAL Result Count = 0 (0)
RULECHECK DNW.R.20.4.2_VIA5_1 ............ TOTAL Result Count = 0 (0)
RULECHECK DNW.R.20.4.2_VIA5_2 ............ TOTAL Result Count = 0 (0)
RULECHECK DNW.R.20.4.3_VIA5_1 ............ TOTAL Result Count = 0 (0)
RULECHECK DNW.R.20.4.3_VIA5_2 ............ TOTAL Result Count = 0 (0)
RULECHECK DNW.R.20.2.1:NGATE_Core_M5_1 ... TOTAL Result Count = 0 (0)
RULECHECK DNW.R.20.2.2:NGATE_Core_M5_1 ... TOTAL Result Count = 0 (0)
RULECHECK DNW.R.20.2.3:NGATE_Core_M5_1 ... TOTAL Result Count = 0 (0)
RULECHECK DNW.R.20.2.1:NGATE_Core_M5_2 ... TOTAL Result Count = 0 (0)
RULECHECK DNW.R.20.2.2:NGATE_Core_M5_2 ... TOTAL Result Count = 0 (0)
RULECHECK DNW.R.20.2.3:NGATE_Core_M5_2 ... TOTAL Result Count = 0 (0)
RULECHECK DNW.R.20.1.1:NGATE_OD2_M6_1 .... TOTAL Result Count = 0 (0)
RULECHECK DNW.R.20.1.2:NGATE_OD2_M6_1 .... TOTAL Result Count = 0 (0)
RULECHECK DNW.R.20.1.3:NGATE_OD2_M6_1 .... TOTAL Result Count = 0 (0)
RULECHECK DNW.R.20.1.4:NGATE_OD2_M6_1 .... TOTAL Result Count = 0 (0)
RULECHECK DNW.R.20.1.5:NGATE_OD2_M6_1 .... TOTAL Result Count = 0 (0)
RULECHECK DNW.R.20.1.1:NGATE_OD2_M6_2 .... TOTAL Result Count = 0 (0)
RULECHECK DNW.R.20.1.2:NGATE_OD2_M6_2 .... TOTAL Result Count = 0 (0)
RULECHECK DNW.R.20.1.3:NGATE_OD2_M6_2 .... TOTAL Result Count = 0 (0)
RULECHECK DNW.R.20.1.4:NGATE_OD2_M6_2 .... TOTAL Result Count = 0 (0)
RULECHECK DNW.R.20.1.5:NGATE_OD2_M6_2 .... TOTAL Result Count = 0 (0)
RULECHECK DNW.R.20.5.1:NGATE_OD2_M6_1 .... TOTAL Result Count = 0 (0)
RULECHECK DNW.R.20.5.2:NGATE_OD2_M6_1 .... TOTAL Result Count = 0 (0)
RULECHECK DNW.R.20.5.3:NGATE_OD2_M6_1 .... TOTAL Result Count = 0 (0)
RULECHECK DNW.R.20.5.1:NGATE_OD2_M6_2 .... TOTAL Result Count = 0 (0)
RULECHECK DNW.R.20.5.2:NGATE_OD2_M6_2 .... TOTAL Result Count = 0 (0)
RULECHECK DNW.R.20.5.3:NGATE_OD2_M6_2 .... TOTAL Result Count = 0 (0)
RULECHECK DNW.R.20.2.1:NGATE_Core_M6_1 ... TOTAL Result Count = 0 (0)
RULECHECK DNW.R.20.2.2:NGATE_Core_M6_1 ... TOTAL Result Count = 0 (0)
RULECHECK DNW.R.20.2.3:NGATE_Core_M6_1 ... TOTAL Result Count = 0 (0)
RULECHECK DNW.R.20.2.1:NGATE_Core_M6_2 ... TOTAL Result Count = 0 (0)
RULECHECK DNW.R.20.2.2:NGATE_Core_M6_2 ... TOTAL Result Count = 0 (0)
RULECHECK DNW.R.20.2.3:NGATE_Core_M6_2 ... TOTAL Result Count = 0 (0)
RULECHECK DNW.R.21.3.1_VIA1_1 ............ TOTAL Result Count = 0 (0)
RULECHECK DNW.R.21.3.2_VIA1_1 ............ TOTAL Result Count = 0 (0)
RULECHECK DNW.R.21.1.1:NGATE_OD2_M1 ...... TOTAL Result Count = 0 (0)
RULECHECK DNW.R.21.1.2:NGATE_OD2_M1 ...... TOTAL Result Count = 0 (0)
RULECHECK DNW.R.21.4.1_VIA1_1 ............ TOTAL Result Count = 0 (0)
RULECHECK DNW.R.21.4.2_VIA1_1 ............ TOTAL Result Count = 0 (0)
RULECHECK DNW.R.21.2.1:NGATE_Core_M1 ..... TOTAL Result Count = 0 (0)
RULECHECK DNW.R.21.2.2:NGATE_Core_M1 ..... TOTAL Result Count = 0 (0)
RULECHECK DNW.R.21.3.1_VIA2_1 ............ TOTAL Result Count = 0 (0)
RULECHECK DNW.R.21.3.2_VIA2_1 ............ TOTAL Result Count = 0 (0)
RULECHECK DNW.R.21.1.1:NGATE_OD2_M2 ...... TOTAL Result Count = 0 (0)
RULECHECK DNW.R.21.1.2:NGATE_OD2_M2 ...... TOTAL Result Count = 0 (0)
RULECHECK DNW.R.21.4.1_VIA2_1 ............ TOTAL Result Count = 0 (0)
RULECHECK DNW.R.21.4.2_VIA2_1 ............ TOTAL Result Count = 0 (0)
RULECHECK DNW.R.21.2.1:NGATE_Core_M2 ..... TOTAL Result Count = 0 (0)
RULECHECK DNW.R.21.2.2:NGATE_Core_M2 ..... TOTAL Result Count = 0 (0)
RULECHECK DNW.R.21.3.1_VIA3_1 ............ TOTAL Result Count = 0 (0)
RULECHECK DNW.R.21.3.2_VIA3_1 ............ TOTAL Result Count = 0 (0)
RULECHECK DNW.R.21.1.1:NGATE_OD2_M3 ...... TOTAL Result Count = 0 (0)
RULECHECK DNW.R.21.1.2:NGATE_OD2_M3 ...... TOTAL Result Count = 0 (0)
RULECHECK DNW.R.21.4.1_VIA3_1 ............ TOTAL Result Count = 0 (0)
RULECHECK DNW.R.21.4.2_VIA3_1 ............ TOTAL Result Count = 0 (0)
RULECHECK DNW.R.21.2.1:NGATE_Core_M3 ..... TOTAL Result Count = 0 (0)
RULECHECK DNW.R.21.2.2:NGATE_Core_M3 ..... TOTAL Result Count = 0 (0)
RULECHECK DNW.R.21.3.1_VIA4_1 ............ TOTAL Result Count = 0 (0)
RULECHECK DNW.R.21.3.2_VIA4_1 ............ TOTAL Result Count = 0 (0)
RULECHECK DNW.R.21.1.1:NGATE_OD2_M4 ...... TOTAL Result Count = 0 (0)
RULECHECK DNW.R.21.1.2:NGATE_OD2_M4 ...... TOTAL Result Count = 0 (0)
RULECHECK DNW.R.21.4.1_VIA4_1 ............ TOTAL Result Count = 0 (0)
RULECHECK DNW.R.21.4.2_VIA4_1 ............ TOTAL Result Count = 0 (0)
RULECHECK DNW.R.21.2.1:NGATE_Core_M4 ..... TOTAL Result Count = 0 (0)
RULECHECK DNW.R.21.2.2:NGATE_Core_M4 ..... TOTAL Result Count = 0 (0)
RULECHECK DNW.R.21.3.1_VIA5_1 ............ TOTAL Result Count = 0 (0)
RULECHECK DNW.R.21.3.2_VIA5_1 ............ TOTAL Result Count = 0 (0)
RULECHECK DNW.R.21.1.1:NGATE_OD2_M5 ...... TOTAL Result Count = 0 (0)
RULECHECK DNW.R.21.1.2:NGATE_OD2_M5 ...... TOTAL Result Count = 0 (0)
RULECHECK DNW.R.21.4.1_VIA5_1 ............ TOTAL Result Count = 0 (0)
RULECHECK DNW.R.21.4.2_VIA5_1 ............ TOTAL Result Count = 0 (0)
RULECHECK DNW.R.21.2.1:NGATE_Core_M5 ..... TOTAL Result Count = 0 (0)
RULECHECK DNW.R.21.2.2:NGATE_Core_M5 ..... TOTAL Result Count = 0 (0)
RULECHECK DNW.R.21.1.1:NGATE_OD2_M6 ...... TOTAL Result Count = 0 (0)
RULECHECK DNW.R.21.1.2:NGATE_OD2_M6 ...... TOTAL Result Count = 0 (0)
RULECHECK DNW.R.21.2.1:NGATE_Core_M6 ..... TOTAL Result Count = 0 (0)
RULECHECK DNW.R.21.2.2:NGATE_Core_M6 ..... TOTAL Result Count = 0 (0)
RULECHECK DNW.R.22.3.1_VIA1 .............. TOTAL Result Count = 0 (0)
RULECHECK DNW.R.22.3.2_VIA1 .............. TOTAL Result Count = 0 (0)
RULECHECK DNW.R.22.1.1:NGATE_OD2_M1 ...... TOTAL Result Count = 0 (0)
RULECHECK DNW.R.22.1.2:NGATE_OD2_M1 ...... TOTAL Result Count = 0 (0)
RULECHECK DNW.R.22.4.1_VIA1 .............. TOTAL Result Count = 0 (0)
RULECHECK DNW.R.22.4.2_VIA1 .............. TOTAL Result Count = 0 (0)
RULECHECK DNW.R.22.2.1:NGATE_Core_M1 ..... TOTAL Result Count = 0 (0)
RULECHECK DNW.R.22.2.2:NGATE_Core_M1 ..... TOTAL Result Count = 0 (0)
RULECHECK DNW.R.22.3.1_VIA2 .............. TOTAL Result Count = 0 (0)
RULECHECK DNW.R.22.3.2_VIA2 .............. TOTAL Result Count = 0 (0)
RULECHECK DNW.R.22.1.1:NGATE_OD2_M2 ...... TOTAL Result Count = 0 (0)
RULECHECK DNW.R.22.1.2:NGATE_OD2_M2 ...... TOTAL Result Count = 0 (0)
RULECHECK DNW.R.22.4.1_VIA2 .............. TOTAL Result Count = 0 (0)
RULECHECK DNW.R.22.4.2_VIA2 .............. TOTAL Result Count = 0 (0)
RULECHECK DNW.R.22.2.1:NGATE_Core_M2 ..... TOTAL Result Count = 0 (0)
RULECHECK DNW.R.22.2.2:NGATE_Core_M2 ..... TOTAL Result Count = 0 (0)
RULECHECK DNW.R.22.3.1_VIA3 .............. TOTAL Result Count = 0 (0)
RULECHECK DNW.R.22.3.2_VIA3 .............. TOTAL Result Count = 0 (0)
RULECHECK DNW.R.22.1.1:NGATE_OD2_M3 ...... TOTAL Result Count = 0 (0)
RULECHECK DNW.R.22.1.2:NGATE_OD2_M3 ...... TOTAL Result Count = 0 (0)
RULECHECK DNW.R.22.4.1_VIA3 .............. TOTAL Result Count = 0 (0)
RULECHECK DNW.R.22.4.2_VIA3 .............. TOTAL Result Count = 0 (0)
RULECHECK DNW.R.22.2.1:NGATE_Core_M3 ..... TOTAL Result Count = 0 (0)
RULECHECK DNW.R.22.2.2:NGATE_Core_M3 ..... TOTAL Result Count = 0 (0)
RULECHECK DNW.R.22.3.1_VIA4 .............. TOTAL Result Count = 0 (0)
RULECHECK DNW.R.22.3.2_VIA4 .............. TOTAL Result Count = 0 (0)
RULECHECK DNW.R.22.1.1:NGATE_OD2_M4 ...... TOTAL Result Count = 0 (0)
RULECHECK DNW.R.22.1.2:NGATE_OD2_M4 ...... TOTAL Result Count = 0 (0)
RULECHECK DNW.R.22.4.1_VIA4 .............. TOTAL Result Count = 0 (0)
RULECHECK DNW.R.22.4.2_VIA4 .............. TOTAL Result Count = 0 (0)
RULECHECK DNW.R.22.2.1:NGATE_Core_M4 ..... TOTAL Result Count = 0 (0)
RULECHECK DNW.R.22.2.2:NGATE_Core_M4 ..... TOTAL Result Count = 0 (0)
RULECHECK DNW.R.22.3.1_VIA5 .............. TOTAL Result Count = 0 (0)
RULECHECK DNW.R.22.3.2_VIA5 .............. TOTAL Result Count = 0 (0)
RULECHECK DNW.R.22.1.1:NGATE_OD2_M5 ...... TOTAL Result Count = 0 (0)
RULECHECK DNW.R.22.1.2:NGATE_OD2_M5 ...... TOTAL Result Count = 0 (0)
RULECHECK DNW.R.22.4.1_VIA5 .............. TOTAL Result Count = 0 (0)
RULECHECK DNW.R.22.4.2_VIA5 .............. TOTAL Result Count = 0 (0)
RULECHECK DNW.R.22.2.1:NGATE_Core_M5 ..... TOTAL Result Count = 0 (0)
RULECHECK DNW.R.22.2.2:NGATE_Core_M5 ..... TOTAL Result Count = 0 (0)
RULECHECK DNW.R.22.1.1:NGATE_OD2_M6 ...... TOTAL Result Count = 0 (0)
RULECHECK DNW.R.22.1.2:NGATE_OD2_M6 ...... TOTAL Result Count = 0 (0)
RULECHECK DNW.R.22.2.1:NGATE_Core_M6 ..... TOTAL Result Count = 0 (0)
RULECHECK DNW.R.22.2.2:NGATE_Core_M6 ..... TOTAL Result Count = 0 (0)
RULECHECK DNW.R.23:M1 .................... TOTAL Result Count = 0 (0)
RULECHECK DNW.R.23:M2 .................... TOTAL Result Count = 0 (0)
RULECHECK DNW.R.23:M3 .................... TOTAL Result Count = 0 (0)
RULECHECK DNW.R.23:M4 .................... TOTAL Result Count = 0 (0)
RULECHECK DNW.R.23:M5 .................... TOTAL Result Count = 0 (0)
RULECHECK DNW.R.23:M6 .................... TOTAL Result Count = 0 (0)
----------------------------------------------------------------------------------
--- RULECHECK RESULTS STATISTICS (BY CELL)
---
----------------------------------------------------------------------------------
--- SUMMARY
---
TOTAL CPU Time:                  140
TOTAL REAL Time:                 189
TOTAL Original Layer Geometries: 972951 (6632775)
TOTAL DRC RuleChecks Executed:   397
TOTAL DRC Results Generated:     0 (0)
